Scheduler.c:53:28:PendSV_Handler	0	static,ignoring_inline_asm
Scheduler.c:107:6:OS_SVC_Set	24	static,ignoring_inline_asm
Scheduler.c:130:6:RTOS_Create_MainStack	4	static
Scheduler.c:143:6:RTOS_Create_TaskStack	24	static
Scheduler.c:186:6:RTOS_IdleTask	4	static,ignoring_inline_asm
Scheduler.c:196:6:Bubble_Sort	24	static
Scheduler.c:213:6:RTOS_Update_Schedular_Table	24	static
Scheduler.c:270:6:Decide_What_Next	8	static
Scheduler.c:310:6:OS_SVC_Handler	24	static
Scheduler.c:354:6:RTOS_OS_SVC_Set	16	static,ignoring_inline_asm
Scheduler.c:382:14:RTOS_init	16	static
Scheduler.c:416:14:RTOS_Create_Task	24	static
Scheduler.c:453:14:RTOS_Activate_Task	16	static
Scheduler.c:469:14:RTOS_Terminate_Task	16	static
Scheduler.c:486:14:RTOS_Wait_Task	16	static
Scheduler.c:510:14:RTOS_Update_Task_Waiting_Time	16	static
Scheduler.c:539:14:RTOS_Acquire_Mutex	16	static
Scheduler.c:569:14:RTOS_Release_Mutex	16	static
Scheduler.c:588:14:RTOS_StartOS	8	static,ignoring_inline_asm
