core_cm3.h:1639:22:__NVIC_SetPriority	16	static
core_cm3.h:1837:26:SysTick_Config	16	static
CortexMX_OS_porting.c:26:6:HardFault_Handler	4	static
CortexMX_OS_porting.c:30:6:MemManage_Handler	4	static
CortexMX_OS_porting.c:34:6:BusFault_Handler	4	static
CortexMX_OS_porting.c:38:6:UsageFault_Handler	4	static
CortexMX_OS_porting.c:43:28:SVC_Handler	0	static,ignoring_inline_asm
CortexMX_OS_porting.c:57:6:HAL_init	8	static
CortexMX_OS_porting.c:75:6:Trigger_OS_PendSV	4	static
CortexMX_OS_porting.c:89:6:Start_Ticker	8	static
CortexMX_OS_porting.c:102:6:SysTick_Handler	8	static
