Scheduler.c:53:28:PendSV_Handler	0	static,ignoring_inline_asm
Scheduler.c:107:6:OS_SVC_Set	24	static,ignoring_inline_asm
Scheduler.c:130:6:RTOS_Create_MainStack	4	static
Scheduler.c:143:6:RTOS_Create_TaskStack	24	static
Scheduler.c:186:6:RTOS_IdleTask	4	static,ignoring_inline_asm
Scheduler.c:196:6:Bubble_Sort	24	static
Scheduler.c:213:6:RTOS_Update_Schedular_Table	24	static
Scheduler.c:270:6:Decide_What_Next	8	static
Scheduler.c:302:6:OS_SVC_Handler	24	static
Scheduler.c:346:6:RTOS_OS_SVC_Set	16	static,ignoring_inline_asm
Scheduler.c:374:14:RTOS_init	16	static
Scheduler.c:408:14:RTOS_Create_Task	24	static
Scheduler.c:442:14:RTOS_Activate_Task	16	static
Scheduler.c:456:14:RTOS_Terminate_Task	16	static
Scheduler.c:471:14:RTOS_StartOS	8	static,ignoring_inline_asm
